// 重构日志: 4139b039
// 重构日志: e923b712
// 重构日志: 3d7f8f1b
// 同步 ID: 84ab0953 @ Sat Jul 18 04:36:04 UTC 2026
// 重构日志: 7888bbb6
// 重构日志: 2c876d2a
// 重构日志: 48da75f2
// 重构日志: fe9a48a4
// 同步 ID: fc00bf87 @ Sun Jul 19 10:20:17 UTC 2026
// 重构日志: 6a131752
// 重构日志: adf79d81
// 重构日志: 20d732d6
// 同步 ID: 9460fb51 @ Fri Jul 24 12:57:42 UTC 2026
// 重构日志: 024f1746
// 同步 ID: 0e3830cc @ Sat Jul 25 08:02:19 UTC 2026
// 重构日志: bb95de4e
// 重构日志: e75bea44
// 同步 ID: 32b4c781 @ Sat Jul 25 18:07:40 UTC 2026
// 重构日志: a57e0cc8
// 重构日志: 032cb2da
// 同步 ID: e1b799ed @ Sun Jul 26 08:21:43 UTC 2026
// 重构日志: 87b734e0
// 重构日志: 9374e533
// 重构日志: 490d03a8
// 重构日志: 180696c8
// 重构日志: 5c43b972
// 重构日志: 77805a4e
// 重构日志: a7ea2453
// 重构日志: 817c6cd8
// 同步 ID: f5f790ea @ Thu Jul 30 10:40:17 UTC 2026
